// Jest Snapshot v1, https://goo.gl/fbAQLP

exports[`<ErrorScreen /> should match the snapshot 1`] = `
<RCTSafeAreaView
  emulateUnlessSupported={true}
  style={
    Object {
      "flex": 1,
    }
  }
>
  <View
    style={
      Object {
        "alignItems": "center",
        "backgroundColor": "#000000",
        "flexDirection": "row",
        "height": 60,
        "width": "100%",
      }
    }
  >
    <View
      style={
        Object {
          "alignItems": "center",
          "height": 50,
          "justifyContent": "center",
          "marginHorizontal": 20,
          "marginTop": 3,
          "width": 50,
        }
      }
    >
      <Image
        resizeMode="contain"
        source={1}
        style={
          Object {
            "height": 50,
            "width": 50,
          }
        }
      />
    </View>
  </View>
  <View
    style={
      Array [
        Object {
          "flex": 1,
        },
        Object {
          "justifyContent": "center",
        },
      ]
    }
    testID="NoConnection"
  >
    <Text
      style={
        Array [
          Object {
            "textAlign": "center",
          },
          Object {
            "color": "#000000",
            "fontSize": 25,
            "fontWeight": "bold",
            "lineHeight": 24,
            "marginBottom": 24,
          },
        ]
      }
    >
      Discúlpanos
    </Text>
    <Text
      style={
        Array [
          Object {
            "textAlign": "center",
          },
          Object {
            "alignSelf": "center",
            "fontSize": 18,
            "width": "80%",
          },
        ]
      }
    >
      Se ha presentando un error inesperado.
    </Text>
    <Text
      style={
        Array [
          Object {
            "textAlign": "center",
          },
          Object {
            "alignSelf": "center",
            "fontSize": 18,
            "width": "80%",
          },
        ]
      }
    >
      Por favor cierra la aplicación he intenta de nuevo.
    </Text>
    <Text
      style={
        Array [
          Object {
            "textAlign": "center",
          },
          Object {
            "alignSelf": "center",
            "color": "#A4A6AB",
            "fontSize": 14,
            "marginTop": 15,
          },
        ]
      }
      testID="error-text"
    >
      Error: 
      The error
    </Text>
  </View>
</RCTSafeAreaView>
`;
