// Jest Snapshot v1, https://goo.gl/fbAQLP

exports[`<NoConnection /> should match the snapshot 1`] = `
<RCTSafeAreaView
  emulateUnlessSupported={true}
  style={
    Object {
      "flex": 1,
    }
  }
>
  <View
    style={
      Object {
        "alignItems": "center",
        "backgroundColor": "#000000",
        "flexDirection": "row",
        "height": 60,
        "width": "100%",
      }
    }
  >
    <View
      style={
        Object {
          "alignItems": "center",
          "height": 50,
          "justifyContent": "center",
          "marginHorizontal": 20,
          "marginTop": 3,
          "width": 50,
        }
      }
    >
      <Image
        resizeMode="contain"
        source={1}
        style={
          Object {
            "height": 50,
            "width": 50,
          }
        }
      />
    </View>
  </View>
  <View
    style={
      Array [
        Object {
          "flex": 1,
        },
        Object {
          "justifyContent": "center",
        },
      ]
    }
    testID="NoConnection"
  >
    <Text
      style={
        Array [
          Object {
            "textAlign": "center",
          },
          Object {
            "color": "#000000",
            "fontSize": 25,
            "fontWeight": "bold",
            "lineHeight": 24,
            "marginBottom": 24,
          },
        ]
      }
    >
      Discúlpanos
    </Text>
    <Text
      style={
        Array [
          Object {
            "textAlign": "center",
          },
          Object {
            "alignSelf": "center",
            "fontSize": 18,
            "width": "80%",
          },
        ]
      }
    >
      Se presento un inconveniente tecnico.
    </Text>
    <Text
      style={
        Array [
          Object {
            "textAlign": "center",
          },
          Object {
            "alignSelf": "center",
            "fontSize": 18,
            "width": "80%",
          },
        ]
      }
    >
      Comprueba tu conexión a internet e intenta de nuevo.
    </Text>
    <View
      accessible={true}
      focusable={true}
      onClick={[Function]}
      onResponderGrant={[Function]}
      onResponderMove={[Function]}
      onResponderRelease={[Function]}
      onResponderTerminate={[Function]}
      onResponderTerminationRequest={[Function]}
      onStartShouldSetResponder={[Function]}
      style={
        Array [
          Object {
            "alignSelf": "center",
            "backgroundColor": "#0075DC",
            "borderRadius": 5,
            "height": 50,
            "justifyContent": "center",
            "marginTop": 35,
            "width": 200,
          },
          Object {
            "backgroundColor": "#A4A6AB",
          },
        ]
      }
      testID="button"
    >
      <Text
        style={
          Array [
            Object {
              "textAlign": "center",
            },
            Object {
              "color": "#FFFFFF",
              "fontSize": 18,
              "fontWeight": "bold",
            },
          ]
        }
      >
        Reintentar
      </Text>
    </View>
  </View>
</RCTSafeAreaView>
`;
